
Slab Convergence Study: Single-Layer (N_z=1)
Background: alpha=5000.0 m/s, beta=3000.0 m/s, rho=2500.0 kg/m^3
Contrast: Dlambda=2.0 GPa, Dmu=1.0 GPa, Drho=100 kg/m^3
omega = 150.0 rad/s, normal P-wave incidence

     a     M    ka_S      DOF       |R_FL|        |R_K|    Rel Err  GMRES      Resid     Time
--------------------------------------------------------------------------------------------
 2.000     4  0.1000      144   6.0470e-03   5.9948e-03  8.803e-03      6   1.27e-10     0.0s
 1.000     8  0.0500      576   3.0208e-03   3.0027e-03  6.034e-03      6   3.63e-10     0.0s
 0.500    16  0.0250     2304   1.5084e-03   1.5020e-03  4.223e-03      6   6.95e-10     0.0s
 0.250    32  0.0125     9216   7.5341e-04   7.5110e-04  3.080e-03      6   7.60e-10     0.1s

Convergence rates (log-log slope error vs a):
  a=2.000 -> 1.000: slope = 0.54 (expect ~2 for O(ka^2))
  a=1.000 -> 0.500: slope = 0.51 (expect ~2 for O(ka^2))
  a=0.500 -> 0.250: slope = 0.46 (expect ~2 for O(ka^2))

Phase comparison (R_FL vs R_K):
  a=2.000: phase_FL =  -83.12°, phase_K =  -83.19°
  a=1.000: phase_FL =  -86.56°, phase_K =  -86.60°
  a=0.500: phase_FL =  -88.28°, phase_K =  -88.30°
  a=0.250: phase_FL =  -89.14°, phase_K =  -89.15°

Complex reflection coefficients:
  a=2.000: R_FL = +7.243252e-04 -6.003496e-03j  |  R_K = +7.104494e-04 -5.952582e-03j
  a=1.000: R_FL = +1.812130e-04 -3.015316e-03j  |  R_K = +1.782436e-04 -2.997441e-03j
  a=0.500: R_FL = +4.526136e-05 -1.507680e-03j  |  R_K = +4.460042e-05 -1.501371e-03j
  a=0.250: R_FL = +1.130498e-05 -7.533259e-04j  |  R_K = +1.115258e-05 -7.510173e-04j
